main.c:116:5:__io_putchar	24	static
main.c:125:6:HAL_TIM_PeriodElapsedCallback	56	static
main.c:251:5:main	72	static
main.c:1166:6:SystemClock_Config	88	static
main.c:1210:13:MX_ADC1_Init	24	static
main.c:1260:13:MX_TIM2_Init	64	static
main.c:1323:13:MX_TIM3_Init	64	static
main.c:1382:13:MX_TIM4_Init	56	static
main.c:1431:13:MX_TIM6_Init	16	static
main.c:1469:13:MX_TIM8_Init	56	static
main.c:1519:13:MX_USART1_UART_Init	8	static
main.c:1552:13:MX_GPIO_Init	40	static
main.c:1613:6:buzzer	48	static
main.c:1638:5:get_adc_value	32	static
main.c:1671:6:Error_Handler	4	static
