main.c:101:5:__io_putchar	24	static
main.c:110:6:HAL_TIM_PeriodElapsedCallback	24	static
main.c:192:5:main	80	static
main.c:1024:6:SystemClock_Config	88	static
main.c:1068:13:MX_ADC1_Init	24	static
main.c:1118:13:MX_TIM2_Init	64	static
main.c:1181:13:MX_TIM3_Init	64	static
main.c:1240:13:MX_TIM4_Init	56	static
main.c:1289:13:MX_TIM6_Init	16	static
main.c:1327:13:MX_TIM8_Init	56	static
main.c:1377:13:MX_USART1_UART_Init	8	static
main.c:1410:13:MX_GPIO_Init	40	static
main.c:1471:6:buzzer	48	static
main.c:1496:5:get_adc_value	32	static
main.c:1529:6:Error_Handler	4	static
